[
["Cassiopeiae", "https:\/\/en.wikipedia.org\/wiki\/6_Cassiopeiae"],
["BP_Crucis", "https:\/\/en.wikipedia.org\/wiki\/BP_Crucis"],
["IRC +10420", "https:\/\/en.wikipedia.org\/wiki\/IRC_%2B10420"],
["Omicron Centauri", "https:\/\/en.wikipedia.org\/wiki\/Omicron1_Centauri"],
["RW_Cephei", "https:\/\/en.wikipedia.org\/wiki\/RW_Cephei"],
["S_Persei", "https:\/\/en.wikipedia.org\/wiki\/S_Persei"],
["9 Persei", "https:\/\/en.wikipedia.org\/wiki\/9_Persei"],
["Geminorum", "https:\/\/en.wikipedia.org\/wiki\/3_Geminorum"],
["Eta Canis Majoris", "https:\/\/en.wikipedia.org\/wiki\/Eta_Canis_Majoris"],
["35 Cygni", "https:\/\/en.wikipedia.org\/wiki\/35_Cygni"],
["9 Pegasi", "https:\/\/en.wikipedia.org\/wiki\/9_Pegasi"],
["5 Lacertae", "https:\/\/en.wikipedia.org\/wiki\/5_Lacertae"],
["V838 Monocerotis", "https:\/\/en.wikipedia.org\/wiki\/V838_Monocerotis"],
["6 Geminorum", "https:\/\/en.wikipedia.org\/wiki\/6_Geminorum"],
["Alpha Camelopardalis", "https:\/\/en.wikipedia.org\/wiki\/Alpha_Camelopardalis"],
["19 Aurigae", "https:\/\/en.wikipedia.org\/wiki\/19_Aurigae"],
["Epsilon Canis Majoris", "https:\/\/en.wikipedia.org\/wiki\/Epsilon_Canis_Majoris"],
["Delta Volantis", "https:\/\/en.wikipedia.org\/wiki\/Delta_Volantis"],
["46 Capricorni", "https:\/\/en.wikipedia.org\/wiki\/46_Capricorni"],
["Alphard", "https:\/\/en.wikipedia.org\/wiki\/Alphard"],
["Alpha Herculis", "https:\/\/en.wikipedia.org\/wiki\/Alpha_Herculis"],
["1 Camelopardalis", "https:\/\/en.wikipedia.org\/wiki\/1_Camelopardalis"],
["Pi Draconis", "https:\/\/en.wikipedia.org\/wiki\/Pi_Draconis"],
["Kappa Aquilae", "https:\/\/en.wikipedia.org\/wiki\/Kappa_Aquilae"],
["Delta Capricorni", "https:\/\/en.wikipedia.org\/wiki\/Delta_Capricorni"],
["Gamma Apodis", "https:\/\/en.wikipedia.org\/wiki\/Gamma_Apodis"],
["41 Lyncis", "https:\/\/en.wikipedia.org\/wiki\/41_Lyncis"],
["R Equulei", "https:\/\/en.wikipedia.org\/wiki\/R_Equulei"],
["Theta Muscae", "https:\/\/en.wikipedia.org\/wiki\/Theta_Muscae"],
["BH Crucis", "https:\/\/en.wikipedia.org\/wiki\/BH_Crucis"],
["Pi Sculptoris", "https:\/\/en.wikipedia.org\/wiki\/Pi_Sculptoris"],
["51 Orionis", "https:\/\/en.wikipedia.org\/wiki\/51_Orionis"],
["72 Leonis", "https:\/\/en.wikipedia.org\/wiki\/72_Leonis"],
["ET Virginis", "https:\/\/en.wikipedia.org\/wiki\/ET_Virginis"],
["T Ceti", "https:\/\/en.wikipedia.org\/wiki\/T_Ceti"],
["Mizar", "https:\/\/en.wikipedia.org\/wiki\/Mizar"],
["Tau1 Lupi", "https:\/\/en.wikipedia.org\/wiki\/Tau1_Lupi"],
["Beta Delphini", "https:\/\/en.wikipedia.org\/wiki\/Beta_Delphini"],
["Rho Indi", "https:\/\/en.wikipedia.org\/wiki\/Rho_Indi"],
["Gamma Horologiii", "https:\/\/en.wikipedia.org\/wiki\/Gamma_Horologiii"],
["Delta Circini", "https:\/\/en.wikipedia.org\/wiki\/Delta_Circini"],
["V391 Pegasi", "https:\/\/en.wikipedia.org\/wiki\/V391_Pegasi"],
["Groombridge 1830", "https:\/\/en.wikipedia.org\/wiki\/Groombridge_1830"],
["GK Persei", "https:\/\/en.wikipedia.org\/wiki\/GK_Persei"],
["2MASS 0532+8246", "https:\/\/en.wikipedia.org\/wiki\/2MASS_0532%2B8246"],
["Gliese 1062", "https:\/\/en.wikipedia.org\/wiki\/Gliese_1062"],
["LoTr 5", "https:\/\/en.wikipedia.org\/wiki\/LoTr_5"],
["TY Coronae Borealis", "https:\/\/en.wikipedia.org\/wiki\/TY_Coronae_Borealis"],
["Z Chamaeleontis", "https:\/\/en.wikipedia.org\/wiki\/Z_Chamaeleontis"],
["RT Trianguli Australis", "https:\/\/en.wikipedia.org\/wiki\/RT_Trianguli_Australis"],
["T Leporis", "https:\/\/en.wikipedia.org\/wiki\/T_Leporis"],
["RU Camelopardalis", "https:\/\/en.wikipedia.org\/wiki\/RU_Camelopardalis"],
["L2 Puppis", "https:\/\/en.wikipedia.org\/wiki\/L2_Puppis"],
["Theta Carinae", "https:\/\/en.wikipedia.org\/wiki\/Theta_Carinae"],
["Dragon's Egg", "https:\/\/en.wikipedia.org\/wiki\/Dragon%27s_Egg"],
["AXP 1E 1048 59", "https:\/\/en.wikipedia.org\/wiki\/AXP_1E_1048-59"],
["SGR 0501+4516", "https:\/\/en.wikipedia.org\/wiki\/SGR_0501%2B4516"],
["SAX J1808.4−3658", "https:\/\/en.wikipedia.org\/wiki\/SAX_J1808.4%E2%88%923658"],
["Crab Pulsar", "https:\/\/en.wikipedia.org\/wiki\/Crab_Pulsar"],
["Colossus and the Crab", "https:\/\/en.wikipedia.org\/wiki\/Colossus_and_the_Crab"],
["PSR B1919+21", "https:\/\/en.wikipedia.org\/wiki\/PSR_B1919%2B21"],
["SAX J1808.4−3658", "https:\/\/en.wikipedia.org\/wiki\/SAX_J1808.4%E2%88%923658"],
["CXOU J164710.2−455216", "https:\/\/en.wikipedia.org\/wiki\/CXOU_J164710.2%E2%88%92455216"],
["RX J0822−4300", "https:\/\/en.wikipedia.org\/wiki\/RX_J0822%E2%88%924300"],
["RRAT J1819-1458", "https:\/\/en.wikipedia.org\/wiki\/RRAT_J1819-1458"],
["RX J1856.5−3754", "https:\/\/en.wikipedia.org\/wiki\/RX_J1856.5%E2%88%923754"],
["MY Apodis", "https:\/\/en.wikipedia.org\/wiki\/MY_Apodis"],
["Ross 548", "https:\/\/en.wikipedia.org\/wiki\/Ross_548"],
["V404 Cygni", "https:\/\/en.wikipedia.org\/wiki\/V404_Cygni"],
["GRO J1655-40", "https:\/\/en.wikipedia.org\/wiki\/GRO_J1655-40"],
["FS Canis Majoris", "https:\/\/en.wikipedia.org\/wiki\/FS_Canis_Majoris"],
["Omega Orionis", "https:\/\/en.wikipedia.org\/wiki\/Omega_Orionis"],
["Omicron Puppis", "https:\/\/en.wikipedia.org\/wiki\/Omicron_Puppis"],
["WR 22", "https:\/\/en.wikipedia.org\/wiki\/WR_22"],
["HE 0437-5439", "https:\/\/en.wikipedia.org\/wiki\/HE_0437-5439"],
["SDSS J1229+1122", "https:\/\/en.wikipedia.org\/wiki\/SDSS_J1229%2B1122"],
["NGC 2363-V1", "https:\/\/en.wikipedia.org\/wiki\/NGC_2363-V1"],
["AE Andromedae", "https:\/\/en.wikipedia.org\/wiki\/AE_Andromedae"],
["Romano's Star", "https:\/\/en.wikipedia.org\/wiki\/Romano%27s_Star"],
["OGLE-LMC-CEP0227", "https:\/\/en.wikipedia.org\/wiki\/OGLE-LMC-CEP0227"],
["HV 11423", "https:\/\/en.wikipedia.org\/wiki\/HV_11423"],
["Rho Pegasi", "https:\/\/en.wikipedia.org\/wiki\/Rho_Pegasi"],
["W Ursae Majoris", "https:\/\/en.wikipedia.org\/wiki\/W_Ursae_Majoris"],
["U Geminorum", "https:\/\/en.wikipedia.org\/wiki\/U_Geminorum"],
["Lambda Librae", "https:\/\/en.wikipedia.org\/wiki\/Lambda_Librae"],
["AI Phoenicis", "https:\/\/en.wikipedia.org\/wiki\/AI_Phoenicis"],
["Omicron Andromedae", "https:\/\/en.wikipedia.org\/wiki\/Omicron_Andromedae"],
["Kepler-16", "https:\/\/en.wikipedia.org\/wiki\/Kepler-16"],
["KIC 9832227", "https:\/\/en.wikipedia.org\/wiki\/KIC_9832227"],
["Gliese 667", "https:\/\/en.wikipedia.org\/wiki\/Gliese_667"],
["Gliese 667 Cb", "https:\/\/en.wikipedia.org\/wiki\/Gliese_667_Cb"],
["Gliese 667 Cc", "https:\/\/en.wikipedia.org\/wiki\/Gliese_667_Cc"],
["HD 131399 Ab", "https:\/\/en.wikipedia.org\/wiki\/HD_131399_Ab"],
["Upsilon Andromedae", "https:\/\/en.wikipedia.org\/wiki\/Upsilon_Andromedae"],
["Upsilon Andromedae b", "https:\/\/en.wikipedia.org\/wiki\/Upsilon_Andromedae_b"],
["Upsilon Andromedae c", "https:\/\/en.wikipedia.org\/wiki\/Upsilon_Andromedae_c"],
["HD 32188", "https:\/\/en.wikipedia.org\/wiki\/HD_32188"],
["Phi_Leonis", "https:\/\/en.wikipedia.org\/wiki\/Phi Leonis"]
]
